#! /c/iverilog/bin/vvp
:ivl_version "0.9.7 " "(v0_9_7)";
:vpi_time_precision + 0;
:vpi_module "system";
:vpi_module "v2005_math";
:vpi_module "va_math";
S_011D8DC0 .scope module, "JKflip_flopTB" "JKflip_flopTB" 2 1;
 .timescale 0 0;
v011D1CF8_0 .var "J", 0 0;
v011D1D50_0 .var "K", 0 0;
v011D1DA8_0 .var "clk", 0 0;
v011D1E00_0 .var/i "i", 31 0;
v010939C8_0 .net "q", 0 0, v011D1F40_0; 1 drivers
v01093A20_0 .net "q_bar", 0 0, L_01093A78; 1 drivers
S_011D8CB0 .scope module, "uut" "JKflip_flop" 2 5, 3 1, S_011D8DC0;
 .timescale 0 0;
L_01093A78 .functor NOT 1, v011D1F40_0, C4<0>, C4<0>, C4<0>;
v010936A0_0 .net "J", 0 0, v011D1CF8_0; 1 drivers
v011D1E90_0 .net "K", 0 0, v011D1D50_0; 1 drivers
v011D1EE8_0 .net "clk", 0 0, v011D1DA8_0; 1 drivers
v011D1F40_0 .var "q", 0 0;
v011D1F98_0 .alias "q_bar", 0 0, v01093A20_0;
E_011DA460 .event posedge, v011D1EE8_0;
    .scope S_011D8CB0;
T_0 ;
    %wait E_011DA460;
    %load/v 8, v011D1E90_0, 1;
    %load/v 9, v010936A0_0, 1;
    %cmpi/u 8, 0, 2;
    %jmp/1 T_0.0, 6;
    %cmpi/u 8, 1, 2;
    %jmp/1 T_0.1, 6;
    %cmpi/u 8, 2, 2;
    %jmp/1 T_0.2, 6;
    %cmpi/u 8, 3, 2;
    %jmp/1 T_0.3, 6;
    %jmp T_0.4;
T_0.0 ;
    %load/v 8, v011D1F40_0, 1;
    %set/v v011D1F40_0, 8, 1;
    %jmp T_0.4;
T_0.1 ;
    %set/v v011D1F40_0, 0, 1;
    %jmp T_0.4;
T_0.2 ;
    %set/v v011D1F40_0, 1, 1;
    %jmp T_0.4;
T_0.3 ;
    %load/v 8, v011D1F40_0, 1;
    %inv 8, 1;
    %set/v v011D1F40_0, 8, 1;
    %jmp T_0.4;
T_0.4 ;
    %jmp T_0;
    .thread T_0;
    .scope S_011D8DC0;
T_1 ;
    %set/v v011D1DA8_0, 0, 1;
T_1.0 ;
    %delay 5, 0;
    %load/v 8, v011D1DA8_0, 1;
    %inv 8, 1;
    %set/v v011D1DA8_0, 8, 1;
    %jmp T_1.0;
    %end;
    .thread T_1;
    .scope S_011D8DC0;
T_2 ;
    %vpi_call 2 22 "$dumpfile", "JKflip_flop.vcd";
    %vpi_call 2 23 "$dumpvars", 1'sb0, S_011D8DC0;
    %vpi_call 2 24 "$monitor", "time = %0t, clk = %b, J = %b, K = %b | q = %b, q_bar = %b", $time, v011D1DA8_0, v011D1CF8_0, v011D1D50_0, v010939C8_0, v01093A20_0;
    %set/v v011D1E00_0, 0, 32;
T_2.0 ;
    %load/v 8, v011D1E00_0, 32;
   %cmpi/s 8, 4, 32;
    %jmp/0xz T_2.1, 5;
    %load/v 8, v011D1E00_0, 32;
    %set/v v011D1D50_0, 8, 1;
    %set/v v011D1CF8_0, 9, 1;
    %delay 20, 0;
    %ix/load 0, 1, 0;
    %load/vp0/s 8, v011D1E00_0, 32;
    %set/v v011D1E00_0, 8, 32;
    %jmp T_2.0;
T_2.1 ;
    %vpi_call 2 30 "$finish";
    %end;
    .thread T_2;
# The file index is used to find the file name in the following table.
:file_names 4;
    "N/A";
    "<interactive>";
    "JKflip_flopTB.v";
    "JKflip_flop.v";
