#! /c/iverilog/bin/vvp
:ivl_version "0.9.7 " "(v0_9_7)";
:vpi_time_precision + 0;
:vpi_module "system";
:vpi_module "v2005_math";
:vpi_module "va_math";
S_01139660 .scope module, "master_JK_FLIPFLOPTB" "master_JK_FLIPFLOPTB" 2 1;
 .timescale 0 0;
v0113EDF0_0 .var "clk", 0 0;
v0113EE48_0 .var "j", 0 0;
v0113EEA0_0 .var "k", 0 0;
v0113EEF8_0 .net "q", 0 0, v01134128_0; 1 drivers
v0113EF50_0 .net "q_bar", 0 0, v0113ED40_0; 1 drivers
v0113E3A8_0 .var "rst", 0 0;
S_01139330 .scope module, "uut" "master_JK_FLIPFLOP" 2 6, 3 1, S_01139660;
 .timescale 0 0;
v01131FA0_0 .net "clk", 0 0, v0113EDF0_0; 1 drivers
v01131FF8_0 .net "j", 0 0, v0113EE48_0; 1 drivers
v01134078_0 .net "k", 0 0, v0113EEA0_0; 1 drivers
v011340D0_0 .var "master_q", 0 0;
v01134128_0 .var "q", 0 0;
v0113ED40_0 .var "q_bar", 0 0;
v0113ED98_0 .net "rst", 0 0, v0113E3A8_0; 1 drivers
E_01138C00/0 .event negedge, v01131FA0_0;
E_01138C00/1 .event posedge, v0113ED98_0;
E_01138C00 .event/or E_01138C00/0, E_01138C00/1;
E_01138D60 .event posedge, v0113ED98_0, v01131FA0_0;
    .scope S_01139330;
T_0 ;
    %wait E_01138D60;
    %load/v 8, v0113ED98_0, 1;
    %jmp/0xz  T_0.0, 8;
    %ix/load 0, 1, 0;
    %assign/v0 v011340D0_0, 0, 0;
    %jmp T_0.1;
T_0.0 ;
    %load/v 8, v01134078_0, 1;
    %load/v 9, v01131FF8_0, 1;
    %cmpi/u 8, 0, 2;
    %jmp/1 T_0.2, 6;
    %cmpi/u 8, 1, 2;
    %jmp/1 T_0.3, 6;
    %cmpi/u 8, 2, 2;
    %jmp/1 T_0.4, 6;
    %cmpi/u 8, 3, 2;
    %jmp/1 T_0.5, 6;
    %jmp T_0.6;
T_0.2 ;
    %load/v 8, v011340D0_0, 1;
    %ix/load 0, 1, 0;
    %assign/v0 v011340D0_0, 0, 8;
    %jmp T_0.6;
T_0.3 ;
    %ix/load 0, 1, 0;
    %assign/v0 v011340D0_0, 0, 0;
    %jmp T_0.6;
T_0.4 ;
    %ix/load 0, 1, 0;
    %assign/v0 v011340D0_0, 0, 1;
    %jmp T_0.6;
T_0.5 ;
    %load/v 8, v011340D0_0, 1;
    %inv 8, 1;
    %ix/load 0, 1, 0;
    %assign/v0 v011340D0_0, 0, 8;
    %jmp T_0.6;
T_0.6 ;
T_0.1 ;
    %jmp T_0;
    .thread T_0;
    .scope S_01139330;
T_1 ;
    %wait E_01138C00;
    %load/v 8, v0113ED98_0, 1;
    %jmp/0xz  T_1.0, 8;
    %ix/load 0, 1, 0;
    %assign/v0 v01134128_0, 0, 0;
    %ix/load 0, 1, 0;
    %assign/v0 v0113ED40_0, 0, 1;
    %jmp T_1.1;
T_1.0 ;
    %load/v 8, v011340D0_0, 1;
    %ix/load 0, 1, 0;
    %assign/v0 v01134128_0, 0, 8;
    %load/v 8, v011340D0_0, 1;
    %inv 8, 1;
    %ix/load 0, 1, 0;
    %assign/v0 v0113ED40_0, 0, 8;
T_1.1 ;
    %jmp T_1;
    .thread T_1;
    .scope S_01139660;
T_2 ;
    %set/v v0113EDF0_0, 0, 1;
T_2.0 ;
    %delay 5, 0;
    %load/v 8, v0113EDF0_0, 1;
    %inv 8, 1;
    %set/v v0113EDF0_0, 8, 1;
    %jmp T_2.0;
    %end;
    .thread T_2;
    .scope S_01139660;
T_3 ;
    %vpi_call 2 15 "$dumpfile", "master_JK_FLIPFLOP.vcd";
    %vpi_call 2 16 "$dumpvars", 1'sb0, S_01139660;
    %vpi_call 2 17 "$monitor", "time=%t,clk=%b| j=%b, k=%b| q=%b, q_bar=%b", $time, v0113EDF0_0, v0113EE48_0, v0113EEA0_0, v0113EEF8_0, v0113EF50_0;
    %set/v v0113E3A8_0, 1, 1;
    %set/v v0113EE48_0, 0, 1;
    %set/v v0113EEA0_0, 0, 1;
    %delay 10, 0;
    %set/v v0113E3A8_0, 0, 1;
    %set/v v0113EE48_0, 0, 1;
    %set/v v0113EEA0_0, 0, 1;
    %delay 10, 0;
    %set/v v0113EE48_0, 0, 1;
    %set/v v0113EEA0_0, 1, 1;
    %delay 10, 0;
    %set/v v0113EE48_0, 1, 1;
    %set/v v0113EEA0_0, 0, 1;
    %delay 10, 0;
    %set/v v0113EE48_0, 1, 1;
    %set/v v0113EEA0_0, 1, 1;
    %delay 15, 0;
    %vpi_call 2 27 "$finish";
    %end;
    .thread T_3;
# The file index is used to find the file name in the following table.
:file_names 4;
    "N/A";
    "<interactive>";
    "M_JK_flipflopTB.v";
    "M_JK_flipflop.v";
