#! /c/iverilog/bin/vvp
:ivl_version "0.9.7 " "(v0_9_7)";
:vpi_time_precision + 0;
:vpi_module "system";
:vpi_module "v2005_math";
:vpi_module "va_math";
S_00858CE8 .scope module, "JKlatchTB" "JKlatchTB" 2 2;
 .timescale 0 0;
v00851C10_0 .var "J", 0 0;
v00851C68_0 .var "K", 0 0;
v00851CC0_0 .var/i "i", 31 0;
v00851E90_0 .net "q", 0 0, v009339E0_0; 1 drivers
v00851EE8_0 .net "q_bar", 0 0, L_00851030; 1 drivers
S_00859128 .scope module, "uut" "JKlatch" 2 7, 3 1, S_00858CE8;
 .timescale 0 0;
L_00851030 .functor NOT 1, v009339E0_0, C4<0>, C4<0>, C4<0>;
v009336D8_0 .net "J", 0 0, v00851C10_0; 1 drivers
v00933988_0 .net "K", 0 0, v00851C68_0; 1 drivers
v009339E0_0 .var "q", 0 0;
v00933A38_0 .alias "q_bar", 0 0, v00851EE8_0;
E_00932270 .event edge, v009336D8_0, v00933988_0, v009339E0_0;
    .scope S_00859128;
T_0 ;
    %wait E_00932270;
    %load/v 8, v00933988_0, 1;
    %load/v 9, v009336D8_0, 1;
    %cmpi/u 8, 0, 2;
    %jmp/1 T_0.0, 6;
    %cmpi/u 8, 1, 2;
    %jmp/1 T_0.1, 6;
    %cmpi/u 8, 2, 2;
    %jmp/1 T_0.2, 6;
    %cmpi/u 8, 3, 2;
    %jmp/1 T_0.3, 6;
    %jmp T_0.4;
T_0.0 ;
    %load/v 8, v009339E0_0, 1;
    %set/v v009339E0_0, 8, 1;
    %jmp T_0.4;
T_0.1 ;
    %set/v v009339E0_0, 0, 1;
    %jmp T_0.4;
T_0.2 ;
    %set/v v009339E0_0, 1, 1;
    %jmp T_0.4;
T_0.3 ;
    %load/v 8, v009339E0_0, 1;
    %inv 8, 1;
    %set/v v009339E0_0, 8, 1;
    %jmp T_0.4;
T_0.4 ;
    %jmp T_0;
    .thread T_0, $push;
    .scope S_00858CE8;
T_1 ;
    %vpi_call 2 17 "$dumpfile", "JKlatch.vcd";
    %vpi_call 2 18 "$dumpvars", 1'sb0, S_00858CE8;
    %vpi_call 2 19 "$monitor", "time = %0t, J = %b, K = %b | q = %b, q_bar = %b", $time, v00851C10_0, v00851C68_0, v00851E90_0, v00851EE8_0;
    %set/v v00851CC0_0, 0, 32;
T_1.0 ;
    %load/v 8, v00851CC0_0, 32;
   %cmpi/s 8, 4, 32;
    %jmp/0xz T_1.1, 5;
    %load/v 8, v00851CC0_0, 32;
    %set/v v00851C68_0, 8, 1;
    %set/v v00851C10_0, 9, 1;
    %delay 10, 0;
    %ix/load 0, 1, 0;
    %load/vp0/s 8, v00851CC0_0, 32;
    %set/v v00851CC0_0, 8, 32;
    %jmp T_1.0;
T_1.1 ;
    %vpi_call 2 25 "$finish";
    %end;
    .thread T_1;
# The file index is used to find the file name in the following table.
:file_names 4;
    "N/A";
    "<interactive>";
    "JKlatchTB.v";
    "JKlatch.v";
