#! /c/iverilog/bin/vvp
:ivl_version "0.9.7 " "(v0_9_7)";
:vpi_time_precision + 0;
:vpi_module "system";
:vpi_module "v2005_math";
:vpi_module "va_math";
S_008788A0 .scope module, "tb_fifo_simple" "tb_fifo_simple" 2 1;
 .timescale 0 0;
v0100B180_0 .var "clk", 0 0;
v0100AE10_0 .var "din", 7 0;
v0100AD08_0 .net "dout", 7 0, v0100B0D0_0; 1 drivers
v0100AE68_0 .net "empty", 0 0, L_0100B288; 1 drivers
v0100AEC0_0 .net "full", 0 0, L_0100B2E0; 1 drivers
v0100AF70_0 .var "rd_en", 0 0;
v0100B1D8_0 .var "rst", 0 0;
v0100AF18_0 .var "wr_en", 0 0;
S_00878928 .scope module, "fifo_inst" "fifo_simple" 2 13, 3 1, S_008788A0;
 .timescale 0 0;
P_0087B2B4 .param/l "DATA_WIDTH" 3 2, +C4<01000>;
P_0087B2C8 .param/l "FIFO_DEPTH" 3 3, +C4<0100>;
v0087AB58_0 .net *"_s0", 4 0, L_0100B020; 1 drivers
v0087ABB0_0 .net *"_s11", 0 0, C4<0>; 1 drivers
v0087B510_0 .net *"_s12", 3 0, C4<0000>; 1 drivers
v0087B568_0 .net *"_s3", 1 0, C4<00>; 1 drivers
v0087BAC8_0 .net *"_s4", 4 0, C4<00100>; 1 drivers
v0087BB20_0 .net *"_s8", 3 0, L_0100B230; 1 drivers
v00FE1EA8_0 .net "clk", 0 0, v0100B180_0; 1 drivers
v00FE1F00_0 .var "count", 2 0;
v00FE1F58_0 .net "din", 7 0, v0100AE10_0; 1 drivers
v0100B0D0_0 .var "dout", 7 0;
v0100B078_0 .alias "empty", 0 0, v0100AE68_0;
v0100AFC8_0 .alias "full", 0 0, v0100AEC0_0;
v0100AD60 .array "mem", 3 0, 7 0;
v0100B390_0 .net "rd_en", 0 0, v0100AF70_0; 1 drivers
v0100ADB8_0 .var "rd_ptr", 1 0;
v0100ACB0_0 .net "rst", 0 0, v0100B1D8_0; 1 drivers
v0100AC58_0 .net "wr_en", 0 0, v0100AF18_0; 1 drivers
v0100B128_0 .var "wr_ptr", 1 0;
E_00FD2F28 .event posedge, v0100ACB0_0, v00FE1EA8_0;
L_0100B020 .concat [ 3 2 0 0], v00FE1F00_0, C4<00>;
L_0100B2E0 .cmp/eq 5, L_0100B020, C4<00100>;
L_0100B230 .concat [ 3 1 0 0], v00FE1F00_0, C4<0>;
L_0100B288 .cmp/eq 4, L_0100B230, C4<0000>;
    .scope S_00878928;
T_0 ;
    %set/v v0100B128_0, 0, 2;
    %end;
    .thread T_0;
    .scope S_00878928;
T_1 ;
    %set/v v0100ADB8_0, 0, 2;
    %end;
    .thread T_1;
    .scope S_00878928;
T_2 ;
    %set/v v00FE1F00_0, 0, 3;
    %end;
    .thread T_2;
    .scope S_00878928;
T_3 ;
    %wait E_00FD2F28;
    %load/v 8, v0100ACB0_0, 1;
    %jmp/0xz  T_3.0, 8;
    %ix/load 0, 2, 0;
    %assign/v0 v0100B128_0, 0, 0;
    %jmp T_3.1;
T_3.0 ;
    %load/v 8, v0100AC58_0, 1;
    %load/v 9, v0100AFC8_0, 1;
    %inv 9, 1;
    %and 8, 9, 1;
    %jmp/0xz  T_3.2, 8;
    %load/v 8, v00FE1F58_0, 8;
    %ix/getv 3, v0100B128_0;
    %jmp/1 t_0, 4;
    %ix/load 0, 8, 0; word width
    %ix/load 1, 0, 0; part off
    %assign/av v0100AD60, 0, 8;
t_0 ;
    %load/v 8, v0100B128_0, 2;
    %mov 10, 0, 30;
    %addi 8, 1, 32;
    %ix/load 0, 2, 0;
    %assign/v0 v0100B128_0, 0, 8;
T_3.2 ;
T_3.1 ;
    %jmp T_3;
    .thread T_3;
    .scope S_00878928;
T_4 ;
    %wait E_00FD2F28;
    %load/v 8, v0100ACB0_0, 1;
    %jmp/0xz  T_4.0, 8;
    %ix/load 0, 2, 0;
    %assign/v0 v0100ADB8_0, 0, 0;
    %ix/load 0, 8, 0;
    %assign/v0 v0100B0D0_0, 0, 0;
    %jmp T_4.1;
T_4.0 ;
    %load/v 8, v0100B390_0, 1;
    %load/v 9, v0100B078_0, 1;
    %inv 9, 1;
    %and 8, 9, 1;
    %jmp/0xz  T_4.2, 8;
    %ix/getv 3, v0100ADB8_0;
    %load/av 8, v0100AD60, 8;
    %ix/load 0, 8, 0;
    %assign/v0 v0100B0D0_0, 0, 8;
    %load/v 8, v0100ADB8_0, 2;
    %mov 10, 0, 30;
    %addi 8, 1, 32;
    %ix/load 0, 2, 0;
    %assign/v0 v0100ADB8_0, 0, 8;
T_4.2 ;
T_4.1 ;
    %jmp T_4;
    .thread T_4;
    .scope S_00878928;
T_5 ;
    %wait E_00FD2F28;
    %load/v 8, v0100ACB0_0, 1;
    %jmp/0xz  T_5.0, 8;
    %ix/load 0, 3, 0;
    %assign/v0 v00FE1F00_0, 0, 0;
    %jmp T_5.1;
T_5.0 ;
    %load/v 10, v0100B390_0, 1;
    %load/v 11, v0100B078_0, 1;
    %inv 11, 1;
    %and 10, 11, 1;
    %mov 8, 10, 1;
    %load/v 10, v0100AC58_0, 1;
    %load/v 11, v0100AFC8_0, 1;
    %inv 11, 1;
    %and 10, 11, 1;
    %mov 9, 10, 1;
    %cmpi/u 8, 2, 2;
    %jmp/1 T_5.2, 6;
    %cmpi/u 8, 1, 2;
    %jmp/1 T_5.3, 6;
    %load/v 8, v00FE1F00_0, 3;
    %ix/load 0, 3, 0;
    %assign/v0 v00FE1F00_0, 0, 8;
    %jmp T_5.5;
T_5.2 ;
    %load/v 8, v00FE1F00_0, 3;
    %mov 11, 0, 29;
    %addi 8, 1, 32;
    %ix/load 0, 3, 0;
    %assign/v0 v00FE1F00_0, 0, 8;
    %jmp T_5.5;
T_5.3 ;
    %load/v 8, v00FE1F00_0, 3;
    %mov 11, 0, 29;
    %subi 8, 1, 32;
    %ix/load 0, 3, 0;
    %assign/v0 v00FE1F00_0, 0, 8;
    %jmp T_5.5;
T_5.5 ;
T_5.1 ;
    %jmp T_5;
    .thread T_5;
    .scope S_008788A0;
T_6 ;
    %set/v v0100B180_0, 0, 1;
    %end;
    .thread T_6;
    .scope S_008788A0;
T_7 ;
    %delay 5, 0;
    %load/v 8, v0100B180_0, 1;
    %inv 8, 1;
    %set/v v0100B180_0, 8, 1;
    %jmp T_7;
    .thread T_7;
    .scope S_008788A0;
T_8 ;
    %set/v v0100B1D8_0, 1, 1;
    %set/v v0100AF18_0, 0, 1;
    %set/v v0100AF70_0, 0, 1;
    %set/v v0100AE10_0, 0, 8;
    %delay 12, 0;
    %set/v v0100B1D8_0, 0, 1;
    %movi 8, 161, 8;
    %set/v v0100AE10_0, 8, 8;
    %set/v v0100AF18_0, 1, 1;
    %delay 10, 0;
    %movi 8, 178, 8;
    %set/v v0100AE10_0, 8, 8;
    %set/v v0100AF18_0, 1, 1;
    %delay 10, 0;
    %movi 8, 195, 8;
    %set/v v0100AE10_0, 8, 8;
    %set/v v0100AF18_0, 1, 1;
    %delay 10, 0;
    %movi 8, 212, 8;
    %set/v v0100AE10_0, 8, 8;
    %set/v v0100AF18_0, 1, 1;
    %delay 10, 0;
    %set/v v0100AF18_0, 0, 1;
    %set/v v0100AF70_0, 1, 1;
    %delay 10, 0;
    %delay 10, 0;
    %delay 10, 0;
    %delay 10, 0;
    %set/v v0100AF70_0, 0, 1;
    %movi 8, 229, 8;
    %set/v v0100AE10_0, 8, 8;
    %set/v v0100AF18_0, 1, 1;
    %delay 10, 0;
    %set/v v0100AF70_0, 1, 1;
    %delay 10, 0;
    %set/v v0100AF18_0, 0, 1;
    %set/v v0100AF70_0, 0, 1;
    %delay 20, 0;
    %vpi_call 2 49 "$finish";
    %end;
    .thread T_8;
    .scope S_008788A0;
T_9 ;
    %vpi_call 2 54 "$monitor", "Time=%t | din=%h dout=%h | wr=%b rd=%b | full=%b empty=%b", $time, v0100AE10_0, v0100AD08_0, v0100AF18_0, v0100AF70_0, v0100AEC0_0, v0100AE68_0;
    %end;
    .thread T_9;
# The file index is used to find the file name in the following table.
:file_names 4;
    "N/A";
    "<interactive>";
    "Fifo_TB.v";
    "Fifo.v";
