#! /c/iverilog/bin/vvp
:ivl_version "0.9.7 " "(v0_9_7)";
:vpi_time_precision + 0;
:vpi_module "system";
:vpi_module "v2005_math";
:vpi_module "va_math";
S_008683D8 .scope module, "tb_sync_fifo" "tb_sync_fifo" 2 1;
 .timescale 0 0;
v0086B448_0 .var "clk", 0 0;
v0086B4A0_0 .var "data_input", 3 0;
v0086B4F8_0 .net "data_output", 3 0, v00861FC0_0; 1 drivers
v0086B550_0 .var "read_enable", 0 0;
v0086B800_0 .var "rst", 0 0;
v0086B858_0 .var "write_enable", 0 0;
S_008685F8 .scope module, "fifo_inst" "sync_fifo" 2 12, 3 1, S_008683D8;
 .timescale 0 0;
P_0086CD4C .param/l "DATA_WIDTH" 3 2, +C4<0100>;
P_0086CD60 .param/l "FIFO_DEPTH" 3 3, +C4<0100>;
v00861F10_0 .net "clk", 0 0, v0086B448_0; 1 drivers
v00861F68_0 .net "data_in", 3 0, v0086B4A0_0; 1 drivers
v00861FC0_0 .var "data_out", 3 0;
v00862018_0 .var "fifo_count", 2 0;
v008657E0 .array "fifo_mem", 3 0, 3 0;
v00865838_0 .net "rd_en", 0 0, v0086B550_0; 1 drivers
v00865890_0 .var "read_pointer", 1 0;
v008658E8_0 .net "rst", 0 0, v0086B800_0; 1 drivers
v00865940_0 .net "wr_en", 0 0, v0086B858_0; 1 drivers
v0086B3F0_0 .var "write_pointer", 1 0;
E_0086A4B0 .event posedge, v00861F10_0;
    .scope S_008685F8;
T_0 ;
    %wait E_0086A4B0;
    %load/v 8, v008658E8_0, 1;
    %jmp/0xz  T_0.0, 8;
    %ix/load 0, 2, 0;
    %assign/v0 v0086B3F0_0, 0, 0;
    %ix/load 0, 2, 0;
    %assign/v0 v00865890_0, 0, 0;
    %ix/load 0, 3, 0;
    %assign/v0 v00862018_0, 0, 0;
    %ix/load 0, 4, 0;
    %assign/v0 v00861FC0_0, 0, 0;
    %jmp T_0.1;
T_0.0 ;
    %load/v 8, v00865940_0, 1;
    %load/v 9, v00862018_0, 3;
    %mov 12, 0, 2;
   %cmpi/u 9, 4, 5;
    %mov 9, 5, 1;
    %and 8, 9, 1;
    %jmp/0xz  T_0.2, 8;
    %load/v 8, v00861F68_0, 4;
    %ix/getv 3, v0086B3F0_0;
    %jmp/1 t_0, 4;
    %ix/load 0, 4, 0; word width
    %ix/load 1, 0, 0; part off
    %assign/av v008657E0, 0, 8;
t_0 ;
    %load/v 8, v0086B3F0_0, 2;
    %mov 10, 0, 30;
    %addi 8, 1, 32;
    %ix/load 0, 2, 0;
    %assign/v0 v0086B3F0_0, 0, 8;
T_0.2 ;
    %load/v 8, v00865838_0, 1;
    %load/v 9, v00862018_0, 3;
    %mov 12, 0, 1;
    %cmp/u 0, 9, 4;
    %mov 9, 5, 1;
    %and 8, 9, 1;
    %jmp/0xz  T_0.4, 8;
    %ix/getv 3, v00865890_0;
    %load/av 8, v008657E0, 4;
    %ix/load 0, 4, 0;
    %assign/v0 v00861FC0_0, 0, 8;
    %load/v 8, v00865890_0, 2;
    %mov 10, 0, 30;
    %addi 8, 1, 32;
    %ix/load 0, 2, 0;
    %assign/v0 v00865890_0, 0, 8;
T_0.4 ;
    %load/v 10, v00865838_0, 1;
    %load/v 11, v00862018_0, 3;
    %mov 14, 0, 1;
    %cmp/u 0, 11, 4;
    %mov 11, 5, 1;
    %and 10, 11, 1;
    %mov 8, 10, 1;
    %load/v 10, v00865940_0, 1;
    %load/v 11, v00862018_0, 3;
    %mov 14, 0, 2;
   %cmpi/u 11, 4, 5;
    %mov 11, 5, 1;
    %and 10, 11, 1;
    %mov 9, 10, 1;
    %cmpi/u 8, 2, 2;
    %jmp/1 T_0.6, 6;
    %cmpi/u 8, 1, 2;
    %jmp/1 T_0.7, 6;
    %load/v 8, v00862018_0, 3;
    %ix/load 0, 3, 0;
    %assign/v0 v00862018_0, 0, 8;
    %jmp T_0.9;
T_0.6 ;
    %load/v 8, v00862018_0, 3;
    %mov 11, 0, 29;
    %addi 8, 1, 32;
    %ix/load 0, 3, 0;
    %assign/v0 v00862018_0, 0, 8;
    %jmp T_0.9;
T_0.7 ;
    %load/v 8, v00862018_0, 3;
    %mov 11, 0, 29;
    %subi 8, 1, 32;
    %ix/load 0, 3, 0;
    %assign/v0 v00862018_0, 0, 8;
    %jmp T_0.9;
T_0.9 ;
T_0.1 ;
    %jmp T_0;
    .thread T_0;
    .scope S_008683D8;
T_1 ;
    %set/v v0086B448_0, 0, 1;
    %end;
    .thread T_1;
    .scope S_008683D8;
T_2 ;
    %delay 5, 0;
    %load/v 8, v0086B448_0, 1;
    %inv 8, 1;
    %set/v v0086B448_0, 8, 1;
    %jmp T_2;
    .thread T_2;
    .scope S_008683D8;
T_3 ;
    %set/v v0086B800_0, 1, 1;
    %set/v v0086B858_0, 0, 1;
    %set/v v0086B550_0, 0, 1;
    %set/v v0086B4A0_0, 0, 4;
    %delay 10, 0;
    %set/v v0086B800_0, 0, 1;
    %movi 8, 4, 4;
T_3.0 %cmp/s 0, 8, 4;
    %jmp/0xz T_3.1, 5;
    %add 8, 1, 4;
    %load/v 12, v0086B4A0_0, 4;
    %mov 16, 0, 28;
    %addi 12, 1, 32;
    %set/v v0086B4A0_0, 12, 4;
    %set/v v0086B858_0, 1, 1;
    %set/v v0086B550_0, 0, 1;
    %delay 10, 0;
    %jmp T_3.0;
T_3.1 ;
    %set/v v0086B858_0, 0, 1;
    %movi 8, 5, 4;
    %set/v v0086B4A0_0, 8, 4;
    %set/v v0086B858_0, 1, 1;
    %delay 10, 0;
    %set/v v0086B858_0, 0, 1;
    %movi 8, 2, 3;
T_3.2 %cmp/s 0, 8, 3;
    %jmp/0xz T_3.3, 5;
    %add 8, 1, 3;
    %set/v v0086B550_0, 1, 1;
    %delay 10, 0;
    %jmp T_3.2;
T_3.3 ;
    %set/v v0086B550_0, 0, 1;
    %movi 8, 5, 4;
    %set/v v0086B4A0_0, 8, 4;
    %set/v v0086B858_0, 1, 1;
    %delay 10, 0;
    %set/v v0086B858_0, 0, 1;
    %set/v v0086B550_0, 1, 1;
    %movi 8, 3, 3;
T_3.4 %cmp/s 0, 8, 3;
    %jmp/0xz T_3.5, 5;
    %add 8, 1, 3;
    %delay 10, 0;
    %jmp T_3.4;
T_3.5 ;
    %set/v v0086B550_0, 0, 1;
    %delay 20, 0;
    %vpi_call 2 67 "$finish";
    %end;
    .thread T_3;
    .scope S_008683D8;
T_4 ;
    %vpi_call 2 72 "$monitor", "Time=%t | CLK=%b RST=%b WR_EN=%b RD_EN=%b | DATA_IN=%b DATA_OUT=%b", $time, v0086B448_0, v0086B800_0, v0086B858_0, v0086B550_0, v0086B4A0_0, v0086B4F8_0;
    %end;
    .thread T_4;
    .scope S_008683D8;
T_5 ;
    %vpi_call 2 78 "$dumpfile", "sync_fifo_tb.vcd";
    %vpi_call 2 79 "$dumpvars", 1'sb0, S_008683D8;
    %end;
    .thread T_5;
# The file index is used to find the file name in the following table.
:file_names 4;
    "N/A";
    "<interactive>";
    "Fifo_syncTB.v";
    "Fifo_sync.v";
