#! /c/iverilog/bin/vvp
:ivl_version "0.9.7 " "(v0_9_7)";
:vpi_time_precision + 0;
:vpi_module "system";
:vpi_module "v2005_math";
:vpi_module "va_math";
S_00F21F18 .scope module, "johnson_counter_tb" "johnson_counter_tb" 2 1;
 .timescale 0 0;
v00F2EE28_0 .var "clock", 0 0;
v00F2EE80_0 .net "out", 3 0, v00F63280_0; 1 drivers
v00F2EED8_0 .var "reset", 0 0;
S_00F21FA0 .scope module, "uut" "johnson_counter" 2 5, 3 1, S_00F21F18;
 .timescale 0 0;
v00F63228_0 .net "clock", 0 0, v00F2EE28_0; 1 drivers
v00F288B0_0 .alias "out", 3 0, v00F2EE80_0;
v00F63280_0 .var "q", 3 0;
v00F632D8_0 .net "reset", 0 0, v00F2EED8_0; 1 drivers
E_00F29328 .event posedge, v00F63228_0;
    .scope S_00F21FA0;
T_0 ;
    %wait E_00F29328;
    %load/v 8, v00F632D8_0, 1;
    %jmp/0xz  T_0.0, 8;
    %set/v v00F63280_0, 0, 4;
    %jmp T_0.1;
T_0.0 ;
    %ix/load 1, 2, 0;
    %mov 4, 0, 1;
    %jmp/1 T_0.2, 4;
    %load/x1p 8, v00F63280_0, 1;
    %jmp T_0.3;
T_0.2 ;
    %mov 8, 2, 1;
T_0.3 ;
; Save base=8 wid=1 in lookaside.
    %ix/load 0, 1, 0;
    %ix/load 1, 3, 0;
    %assign/v0/x1 v00F63280_0, 0, 8;
    %ix/load 1, 1, 0;
    %mov 4, 0, 1;
    %jmp/1 T_0.4, 4;
    %load/x1p 8, v00F63280_0, 1;
    %jmp T_0.5;
T_0.4 ;
    %mov 8, 2, 1;
T_0.5 ;
; Save base=8 wid=1 in lookaside.
    %ix/load 0, 1, 0;
    %ix/load 1, 2, 0;
    %assign/v0/x1 v00F63280_0, 0, 8;
    %load/v 8, v00F63280_0, 1; Only need 1 of 4 bits
; Save base=8 wid=1 in lookaside.
    %ix/load 0, 1, 0;
    %ix/load 1, 1, 0;
    %assign/v0/x1 v00F63280_0, 0, 8;
    %ix/load 1, 3, 0;
    %mov 4, 0, 1;
    %jmp/1 T_0.6, 4;
    %load/x1p 8, v00F63280_0, 1;
    %jmp T_0.7;
T_0.6 ;
    %mov 8, 2, 1;
T_0.7 ;
; Save base=8 wid=1 in lookaside.
    %inv 8, 1;
    %ix/load 0, 1, 0;
    %ix/load 1, 0, 0;
    %assign/v0/x1 v00F63280_0, 0, 8;
T_0.1 ;
    %jmp T_0;
    .thread T_0;
    .scope S_00F21F18;
T_1 ;
    %set/v v00F2EE28_0, 0, 1;
T_1.0 ;
    %delay 5, 0;
    %load/v 8, v00F2EE28_0, 1;
    %inv 8, 1;
    %set/v v00F2EE28_0, 8, 1;
    %jmp T_1.0;
    %vpi_call 2 14 "$finish";
    %end;
    .thread T_1;
    .scope S_00F21F18;
T_2 ;
    %vpi_call 2 18 "$dumpfile", "johnson_counter.vcd";
    %vpi_call 2 19 "$dumpvars", 1'sb0, S_00F21F18;
    %set/v v00F2EED8_0, 1, 1;
    %delay 10, 0;
    %set/v v00F2EED8_0, 0, 1;
    %delay 100, 0;
    %vpi_call 2 24 "$finish";
    %end;
    .thread T_2;
    .scope S_00F21F18;
T_3 ;
    %vpi_call 2 28 "$monitor", "Time=%t, clock=%b,Reset=%b, Output=%b", $time, v00F2EE28_0, v00F2EED8_0, v00F2EE80_0;
    %end;
    .thread T_3;
# The file index is used to find the file name in the following table.
:file_names 4;
    "N/A";
    "<interactive>";
    "johnson_counterTB.v";
    "johnson_counter.v";
