#! /c/iverilog/bin/vvp
:ivl_version "0.9.7 " "(v0_9_7)";
:vpi_time_precision - 12;
:vpi_module "system";
:vpi_module "v2005_math";
:vpi_module "va_math";
S_00FB1F48 .scope module, "moore_fsm_tb" "moore_fsm_tb" 2 3;
 .timescale -9 -12;
v00FBED20_0 .var "clk", 0 0;
v00FBED78_0 .var "in", 0 0;
v00FBEDD0_0 .net "out", 0 0, v00FBEC70_0; 1 drivers
v00FBEE28_0 .var "reset", 0 0;
S_00FB1FD0 .scope module, "uut" "moore_fsm" 2 7, 3 2, S_00FB1F48;
 .timescale -9 -12;
P_00FB452C .param/l "S0" 3 10, C4<00>;
P_00FB4540 .param/l "S1" 3 11, C4<01>;
P_00FB4554 .param/l "S2" 3 12, C4<10>;
P_00FB4568 .param/l "S3" 3 13, C4<11>;
v00FB3DA0_0 .net "clk", 0 0, v00FBED20_0; 1 drivers
v00FB3DF8_0 .var "current_state", 1 0;
v00FB3E50_0 .net "in", 0 0, v00FBED78_0; 1 drivers
v00FBEC18_0 .var "next_state", 1 0;
v00FBEC70_0 .var "out", 0 0;
v00FBECC8_0 .net "reset", 0 0, v00FBEE28_0; 1 drivers
E_00FF3448 .event edge, v00FB3DF8_0;
E_00FF3508 .event edge, v00FB3DF8_0, v00FB3E50_0;
E_00FF3528 .event posedge, v00FBECC8_0, v00FB3DA0_0;
    .scope S_00FB1FD0;
T_0 ;
    %wait E_00FF3528;
    %load/v 8, v00FBECC8_0, 1;
    %jmp/0xz  T_0.0, 8;
    %ix/load 0, 2, 0;
    %assign/v0 v00FB3DF8_0, 0, 0;
    %jmp T_0.1;
T_0.0 ;
    %load/v 8, v00FBEC18_0, 2;
    %ix/load 0, 2, 0;
    %assign/v0 v00FB3DF8_0, 0, 8;
T_0.1 ;
    %jmp T_0;
    .thread T_0;
    .scope S_00FB1FD0;
T_1 ;
    %wait E_00FF3508;
    %load/v 8, v00FB3DF8_0, 2;
    %cmpi/u 8, 0, 2;
    %jmp/1 T_1.0, 6;
    %cmpi/u 8, 1, 2;
    %jmp/1 T_1.1, 6;
    %cmpi/u 8, 2, 2;
    %jmp/1 T_1.2, 6;
    %cmpi/u 8, 3, 2;
    %jmp/1 T_1.3, 6;
    %set/v v00FBEC18_0, 0, 2;
    %jmp T_1.5;
T_1.0 ;
    %load/v 8, v00FB3E50_0, 1;
    %jmp/0xz  T_1.6, 8;
    %movi 8, 1, 2;
    %set/v v00FBEC18_0, 8, 2;
    %jmp T_1.7;
T_1.6 ;
    %set/v v00FBEC18_0, 0, 2;
T_1.7 ;
    %jmp T_1.5;
T_1.1 ;
    %load/v 8, v00FB3E50_0, 1;
    %jmp/0xz  T_1.8, 8;
    %movi 8, 1, 2;
    %set/v v00FBEC18_0, 8, 2;
    %jmp T_1.9;
T_1.8 ;
    %movi 8, 2, 2;
    %set/v v00FBEC18_0, 8, 2;
T_1.9 ;
    %jmp T_1.5;
T_1.2 ;
    %load/v 8, v00FB3E50_0, 1;
    %jmp/0xz  T_1.10, 8;
    %set/v v00FBEC18_0, 1, 2;
    %jmp T_1.11;
T_1.10 ;
    %set/v v00FBEC18_0, 0, 2;
T_1.11 ;
    %jmp T_1.5;
T_1.3 ;
    %load/v 8, v00FB3E50_0, 1;
    %jmp/0xz  T_1.12, 8;
    %movi 8, 1, 2;
    %set/v v00FBEC18_0, 8, 2;
    %jmp T_1.13;
T_1.12 ;
    %movi 8, 2, 2;
    %set/v v00FBEC18_0, 8, 2;
T_1.13 ;
    %jmp T_1.5;
T_1.5 ;
    %jmp T_1;
    .thread T_1, $push;
    .scope S_00FB1FD0;
T_2 ;
    %wait E_00FF3448;
    %load/v 8, v00FB3DF8_0, 2;
    %cmpi/u 8, 3, 2;
    %jmp/1 T_2.0, 6;
    %set/v v00FBEC70_0, 0, 1;
    %jmp T_2.2;
T_2.0 ;
    %set/v v00FBEC70_0, 1, 1;
    %jmp T_2.2;
T_2.2 ;
    %jmp T_2;
    .thread T_2, $push;
    .scope S_00FB1F48;
T_3 ;
    %delay 5000, 0;
    %load/v 8, v00FBED20_0, 1;
    %inv 8, 1;
    %set/v v00FBED20_0, 8, 1;
    %jmp T_3;
    .thread T_3;
    .scope S_00FB1F48;
T_4 ;
    %set/v v00FBED20_0, 0, 1;
    %set/v v00FBEE28_0, 1, 1;
    %set/v v00FBED78_0, 0, 1;
    %delay 10000, 0;
    %set/v v00FBEE28_0, 0, 1;
    %delay 10000, 0;
    %set/v v00FBED78_0, 1, 1;
    %delay 10000, 0;
    %set/v v00FBED78_0, 0, 1;
    %delay 10000, 0;
    %set/v v00FBED78_0, 1, 1;
    %delay 10000, 0;
    %set/v v00FBED78_0, 1, 1;
    %delay 10000, 0;
    %set/v v00FBED78_0, 0, 1;
    %delay 10000, 0;
    %set/v v00FBED78_0, 1, 1;
    %delay 20000, 0;
    %vpi_call 2 29 "$finish";
    %end;
    .thread T_4;
    .scope S_00FB1F48;
T_5 ;
    %vpi_call 2 33 "$dumpfile", "moore_fsm_tb.vcd";
    %vpi_call 2 34 "$dumpvars", 1'sb0, S_00FB1F48;
    %vpi_call 2 35 "$monitor", "T=%t | reset=%b | in=%b | out=%b", $time, v00FBEE28_0, v00FBED78_0, v00FBEDD0_0;
    %end;
    .thread T_5;
# The file index is used to find the file name in the following table.
:file_names 4;
    "N/A";
    "<interactive>";
    "Moore_fsmTB.v";
    "Moore_fsm.v";
