#! /c/iverilog/bin/vvp
:ivl_version "0.9.7 " "(v0_9_7)";
:vpi_time_precision - 12;
:vpi_module "system";
:vpi_module "v2005_math";
:vpi_module "va_math";
S_00FA5680 .scope module, "parity_tb" "parity_tb" 2 2;
 .timescale -9 -12;
v00FA2048_0 .var "data_in", 3 0;
v00FA7F00_0 .net "error", 0 0, L_00FA7E70; 1 drivers
v00FA7F58_0 .net "parity_bit", 0 0, L_00FA8040; 1 drivers
S_00FE3D98 .scope module, "pg" "parity_generator" 2 8, 3 1, S_00FA5680;
 .timescale -9 -12;
L_00FA8040 .functor NOT 1, L_00FA7FE8, C4<0>, C4<0>, C4<0>;
v00FA1F40_0 .net *"_s1", 0 0, L_00FA7FE8; 1 drivers
v00FA1F98_0 .net "data_in", 3 0, v00FA2048_0; 1 drivers
v00FA1FF0_0 .alias "parity_bit", 0 0, v00FA7F58_0;
L_00FA7FE8 .reduce/xor v00FA2048_0;
S_00FE3268 .scope module, "pc" "parity_checker" 2 9, 3 8, S_00FA5680;
 .timescale -9 -12;
L_00FA7E70 .functor XOR 1, L_00FA80B0, L_00FA8040, C4<0>, C4<0>;
v00FE32F0_0 .net *"_s1", 0 0, L_00FA80B0; 1 drivers
v00FE3348_0 .alias "data_in", 3 0, v00FA1F98_0;
v00FE3CE8_0 .alias "error", 0 0, v00FA7F00_0;
v00FE3D40_0 .alias "parity_bit", 0 0, v00FA7F58_0;
L_00FA80B0 .reduce/xor v00FA2048_0;
    .scope S_00FA5680;
T_0 ;
    %vpi_call 2 12 "$dumpfile", "parity_generator_checker.vcd";
    %vpi_call 2 13 "$dumpvars", 1'sb0, S_00FA5680;
    %vpi_call 2 14 "$monitor", "time=%t | data_in=%b | parity_bit=%b | error=%b", $time, v00FA2048_0, v00FA7F58_0, v00FA7F00_0;
    %set/v v00FA2048_0, 0, 4;
    %delay 10000, 0;
    %movi 8, 1, 4;
    %set/v v00FA2048_0, 8, 4;
    %delay 10000, 0;
    %movi 8, 3, 4;
    %set/v v00FA2048_0, 8, 4;
    %delay 10000, 0;
    %movi 8, 7, 4;
    %set/v v00FA2048_0, 8, 4;
    %delay 10000, 0;
    %set/v v00FA2048_0, 1, 4;
    %delay 10000, 0;
    %delay 10000, 0;
    %vpi_call 2 22 "$finish";
    %end;
    .thread T_0;
# The file index is used to find the file name in the following table.
:file_names 4;
    "N/A";
    "<interactive>";
    "Parity_generation_checkerTB.v";
    "Parity_generation_checker.v";
