#! /c/iverilog/bin/vvp
:ivl_version "0.9.7 " "(v0_9_7)";
:vpi_time_precision + 0;
:vpi_module "system";
:vpi_module "v2005_math";
:vpi_module "va_math";
S_010D5160 .scope module, "async_counterTB" "async_counterTB" 2 1;
 .timescale 0 0;
v00FE3240_0 .var "clock", 0 0;
v00FE3298_0 .net "q", 3 0, v010D5C20_0; 1 drivers
v00FE32F0_0 .var "reset", 0 0;
S_010D1F18 .scope module, "dut" "async_counter" 2 5, 3 1, S_010D5160;
 .timescale 0 0;
v010D1FA0_0 .net "clock", 0 0, v00FE3240_0; 1 drivers
v010D5C20_0 .var "q", 3 0;
v010D1FF8_0 .net "reset", 0 0, v00FE32F0_0; 1 drivers
E_00FE3AF0 .event posedge, v010D1FF8_0, v010D1FA0_0;
    .scope S_010D1F18;
T_0 ;
    %wait E_00FE3AF0;
    %load/v 8, v010D1FF8_0, 1;
    %jmp/0xz  T_0.0, 8;
    %ix/load 0, 4, 0;
    %assign/v0 v010D5C20_0, 0, 0;
    %jmp T_0.1;
T_0.0 ;
    %load/v 8, v010D5C20_0, 4;
    %mov 12, 0, 28;
    %subi 8, 1, 32;
    %ix/load 0, 4, 0;
    %assign/v0 v010D5C20_0, 0, 8;
T_0.1 ;
    %jmp T_0;
    .thread T_0;
    .scope S_010D5160;
T_1 ;
    %set/v v00FE3240_0, 0, 1;
T_1.0 ;
    %delay 5, 0;
    %load/v 8, v00FE3240_0, 1;
    %inv 8, 1;
    %set/v v00FE3240_0, 8, 1;
    %jmp T_1.0;
    %end;
    .thread T_1;
    .scope S_010D5160;
T_2 ;
    %vpi_call 2 18 "$dumpfile", "Async_counter.vcd";
    %vpi_call 2 19 "$dumpvars", 1'sb0, S_010D5160;
    %delay 10, 0;
    %set/v v00FE32F0_0, 1, 1;
    %delay 10, 0;
    %set/v v00FE32F0_0, 0, 1;
    %delay 150, 0;
    %vpi_call 2 24 "$finish";
    %end;
    .thread T_2;
    .scope S_010D5160;
T_3 ;
    %vpi_call 2 29 "$monitor", "Time =%t, clock=%b, reset=%b, q=%b", $time, v00FE3240_0, v00FE32F0_0, v00FE3298_0;
    %end;
    .thread T_3;
# The file index is used to find the file name in the following table.
:file_names 4;
    "N/A";
    "<interactive>";
    "Async_counterTB.v";
    "Async_counter.v";
