#! /c/iverilog/bin/vvp
:ivl_version "0.9.7 " "(v0_9_7)";
:vpi_time_precision + 0;
:vpi_module "system";
:vpi_module "v2005_math";
:vpi_module "va_math";
S_01111F18 .scope module, "async_counterTB" "async_counterTB" 2 1;
 .timescale 0 0;
v00FB31D0_0 .var "clock", 0 0;
v011158C8_0 .net "q", 3 0, v01114FE0_0; 1 drivers
v01115920_0 .var "reset", 0 0;
S_00FB30F0 .scope module, "dut" "async_counter" 2 5, 3 1, S_01111F18;
 .timescale 0 0;
v01114F88_0 .net "clock", 0 0, v00FB31D0_0; 1 drivers
v01114FE0_0 .var "q", 3 0;
v00FB3178_0 .net "reset", 0 0, v01115920_0; 1 drivers
E_00FB3900 .event posedge, v00FB3178_0, v01114F88_0;
    .scope S_00FB30F0;
T_0 ;
    %wait E_00FB3900;
    %load/v 8, v00FB3178_0, 1;
    %jmp/0xz  T_0.0, 8;
    %ix/load 0, 4, 0;
    %assign/v0 v01114FE0_0, 0, 0;
    %jmp T_0.1;
T_0.0 ;
    %load/v 8, v01114FE0_0, 4;
    %mov 12, 0, 28;
    %addi 8, 1, 32;
    %ix/load 0, 4, 0;
    %assign/v0 v01114FE0_0, 0, 8;
T_0.1 ;
    %jmp T_0;
    .thread T_0;
    .scope S_01111F18;
T_1 ;
    %set/v v00FB31D0_0, 0, 1;
T_1.0 ;
    %delay 5, 0;
    %load/v 8, v00FB31D0_0, 1;
    %inv 8, 1;
    %set/v v00FB31D0_0, 8, 1;
    %jmp T_1.0;
    %end;
    .thread T_1;
    .scope S_01111F18;
T_2 ;
    %delay 10, 0;
    %set/v v01115920_0, 1, 1;
    %delay 10, 0;
    %set/v v01115920_0, 0, 1;
    %delay 100, 0;
    %vpi_call 2 22 "$stop";
    %end;
    .thread T_2;
    .scope S_01111F18;
T_3 ;
    %vpi_call 2 27 "$monitor", "Time = %t, clock=%b, reset=%b, q=%b", $time, v00FB31D0_0, v01115920_0, v011158C8_0;
    %end;
    .thread T_3;
# The file index is used to find the file name in the following table.
:file_names 4;
    "N/A";
    "<interactive>";
    "Async_counterTB.v";
    "Async_counter.v";
