#! /c/iverilog/bin/vvp
:ivl_version "0.9.7 " "(v0_9_7)";
:vpi_time_precision + 0;
:vpi_module "system";
:vpi_module "v2005_math";
:vpi_module "va_math";
S_010F8CD8 .scope module, "sync_counter_tb" "sync_counter_tb" 2 1;
 .timescale 0 0;
v00F42D10_0 .var "clock", 0 0;
v010F9D48_0 .net "counter_value", 3 0, v010FEF90_0; 1 drivers
v010F9DA0_0 .var "data_in", 3 0;
v010F9DF8_0 .var/i "i", 31 0;
v010F9E50_0 .var "reset", 0 0;
E_010F8C18 .event negedge, v010F1F18_0;
S_010F8DE8 .scope task, "input_dut" "input_dut" 2 22, 2 22, S_010F8CD8;
 .timescale 0 0;
v00F42CB8_0 .var "j", 3 0;
TD_sync_counter_tb.input_dut ;
    %load/v 8, v00F42CB8_0, 4;
    %set/v v010F9DA0_0, 8, 4;
    %end;
S_010F9118 .scope task, "reset_input" "reset_input" 2 15, 2 15, S_010F8CD8;
 .timescale 0 0;
TD_sync_counter_tb.reset_input ;
    %set/v v010F9E50_0, 1, 1;
    %delay 10, 0;
    %set/v v010F9E50_0, 0, 1;
    %end;
S_010F9888 .scope module, "uut" "synchronous_counter" 2 4, 3 1, S_010F8CD8;
 .timescale 0 0;
v010F1F18_0 .net "clock", 0 0, v00F42D10_0; 1 drivers
v010FEF90_0 .var "counter_value", 3 0;
v010F1F70_0 .net "data_in", 3 0, v010F9DA0_0; 1 drivers
v010F1FC8_0 .net "load_enable", 0 0, C4<z>; 0 drivers
v00F42C60_0 .net "reset", 0 0, v010F9E50_0; 1 drivers
E_010F89B8 .event posedge, v010F1F18_0;
    .scope S_010F9888;
T_2 ;
    %wait E_010F89B8;
    %load/v 8, v00F42C60_0, 1;
    %jmp/0xz  T_2.0, 8;
    %ix/load 0, 4, 0;
    %assign/v0 v010FEF90_0, 0, 0;
    %jmp T_2.1;
T_2.0 ;
    %load/v 8, v010F1FC8_0, 1;
    %jmp/0xz  T_2.2, 8;
    %load/v 8, v010F1F70_0, 4;
    %ix/load 0, 4, 0;
    %assign/v0 v010FEF90_0, 0, 8;
    %jmp T_2.3;
T_2.2 ;
    %load/v 8, v010FEF90_0, 4;
    %mov 12, 0, 28;
    %subi 8, 1, 32;
    %ix/load 0, 4, 0;
    %assign/v0 v010FEF90_0, 0, 8;
T_2.3 ;
T_2.1 ;
    %jmp T_2;
    .thread T_2;
    .scope S_010F8CD8;
T_3 ;
    %set/v v00F42D10_0, 0, 1;
T_3.0 ;
    %delay 5, 0;
    %load/v 8, v00F42D10_0, 1;
    %inv 8, 1;
    %set/v v00F42D10_0, 8, 1;
    %jmp T_3.0;
    %end;
    .thread T_3;
    .scope S_010F8CD8;
T_4 ;
    %vpi_call 2 30 "$dumpfile", "sync_counter.vcd";
    %vpi_call 2 31 "$dumpvars", 1'sb0, S_010F8CD8;
    %set/v v010F9E50_0, 0, 1;
    %set/v v010F9DA0_0, 0, 4;
    %fork TD_sync_counter_tb.reset_input, S_010F9118;
    %join;
    %set/v v010F9DF8_0, 0, 32;
T_4.0 ;
    %load/v 8, v010F9DF8_0, 32;
   %cmpi/s 8, 4, 32;
    %jmp/0xz T_4.1, 5;
    %wait E_010F8C18;
    %movi 8, 1, 32;
    %ix/getv/s 0, v010F9DF8_0;
    %shiftl/i0  8, 32;
    %set/v v00F42CB8_0, 8, 4;
    %fork TD_sync_counter_tb.input_dut, S_010F8DE8;
    %join;
    %ix/load 0, 1, 0;
    %load/vp0/s 8, v010F9DF8_0, 32;
    %set/v v010F9DF8_0, 8, 32;
    %jmp T_4.0;
T_4.1 ;
    %delay 50, 0;
    %vpi_call 2 41 "$finish";
    %end;
    .thread T_4;
    .scope S_010F8CD8;
T_5 ;
    %vpi_call 2 43 "$monitor", "time=%t clock=%b | reset=%b  data_in=%b | counter_value=%b", $time, v00F42D10_0, v010F9E50_0, v010F9DA0_0, v010F9D48_0;
    %end;
    .thread T_5;
# The file index is used to find the file name in the following table.
:file_names 4;
    "N/A";
    "<interactive>";
    "sync_counter_tb.v";
    "sync_counter.v";
