#! /c/iverilog/bin/vvp
:ivl_version "0.9.7 " "(v0_9_7)";
:vpi_time_precision + 0;
:vpi_module "system";
:vpi_module "v2005_math";
:vpi_module "va_math";
S_00F59328 .scope module, "tb_universal_shift_reg" "tb_universal_shift_reg" 2 1;
 .timescale 0 0;
v00F51FC8_0 .var "clk", 0 0;
v00F5B5F8_0 .var "mode", 1 0;
v00F5B650_0 .var "par_in", 3 0;
v00F5B6A8_0 .net "q", 3 0, v00F55440_0; 1 drivers
v00F5B700_0 .var "rst", 0 0;
v00F5B758_0 .var "s_left", 0 0;
v00F5B7B0_0 .var "s_right", 0 0;
S_00F59080 .scope module, "dut" "universal_shift_reg" 2 9, 3 1, S_00F59328;
 .timescale 0 0;
v00F553E8_0 .net "clk", 0 0, v00F51FC8_0; 1 drivers
v00F59FF0_0 .net "mode", 1 0, v00F5B5F8_0; 1 drivers
v00F5A048_0 .net "par_in", 3 0, v00F5B650_0; 1 drivers
v00F55440_0 .var "q", 3 0;
v00F55498_0 .net "rst", 0 0, v00F5B700_0; 1 drivers
v00F51F18_0 .net "s_left", 0 0, v00F5B758_0; 1 drivers
v00F51F70_0 .net "s_right", 0 0, v00F5B7B0_0; 1 drivers
E_00F5E250 .event posedge, v00F55498_0, v00F553E8_0;
    .scope S_00F59080;
T_0 ;
    %wait E_00F5E250;
    %load/v 8, v00F55498_0, 1;
    %jmp/0xz  T_0.0, 8;
    %ix/load 0, 4, 0;
    %assign/v0 v00F55440_0, 0, 0;
    %jmp T_0.1;
T_0.0 ;
    %load/v 8, v00F59FF0_0, 2;
    %cmpi/u 8, 0, 2;
    %jmp/1 T_0.2, 6;
    %cmpi/u 8, 1, 2;
    %jmp/1 T_0.3, 6;
    %cmpi/u 8, 2, 2;
    %jmp/1 T_0.4, 6;
    %cmpi/u 8, 3, 2;
    %jmp/1 T_0.5, 6;
    %load/v 8, v00F55440_0, 4;
    %ix/load 0, 4, 0;
    %assign/v0 v00F55440_0, 0, 8;
    %jmp T_0.7;
T_0.2 ;
    %load/v 8, v00F55440_0, 4;
    %ix/load 0, 4, 0;
    %assign/v0 v00F55440_0, 0, 8;
    %jmp T_0.7;
T_0.3 ;
    %ix/load 1, 1, 0;
    %mov 4, 0, 1;
    %jmp/1 T_0.8, 4;
    %load/x1p 12, v00F55440_0, 3;
    %jmp T_0.9;
T_0.8 ;
    %mov 12, 2, 3;
T_0.9 ;
    %mov 8, 12, 3; Move signal select into place
    %load/v 11, v00F51F70_0, 1;
    %ix/load 0, 4, 0;
    %assign/v0 v00F55440_0, 0, 8;
    %jmp T_0.7;
T_0.4 ;
    %load/v 8, v00F51F18_0, 1;
    %load/v 9, v00F55440_0, 3; Select 3 out of 4 bits
    %ix/load 0, 4, 0;
    %assign/v0 v00F55440_0, 0, 8;
    %jmp T_0.7;
T_0.5 ;
    %load/v 8, v00F5A048_0, 4;
    %ix/load 0, 4, 0;
    %assign/v0 v00F55440_0, 0, 8;
    %jmp T_0.7;
T_0.7 ;
T_0.1 ;
    %jmp T_0;
    .thread T_0;
    .scope S_00F59328;
T_1 ;
    %set/v v00F51FC8_0, 0, 1;
    %end;
    .thread T_1;
    .scope S_00F59328;
T_2 ;
    %delay 5, 0;
    %load/v 8, v00F51FC8_0, 1;
    %inv 8, 1;
    %set/v v00F51FC8_0, 8, 1;
    %jmp T_2;
    .thread T_2;
    .scope S_00F59328;
T_3 ;
    %set/v v00F5B700_0, 1, 1;
    %set/v v00F5B5F8_0, 0, 2;
    %set/v v00F5B758_0, 0, 1;
    %set/v v00F5B7B0_0, 0, 1;
    %set/v v00F5B650_0, 0, 4;
    %delay 10, 0;
    %set/v v00F5B700_0, 0, 1;
    %movi 8, 13, 4;
    %set/v v00F5B650_0, 8, 4;
    %set/v v00F5B5F8_0, 1, 2;
    %set/v v00F5B758_0, 0, 1;
    %set/v v00F5B7B0_0, 0, 1;
    %delay 10, 0;
    %set/v v00F5B5F8_0, 0, 2;
    %set/v v00F5B650_0, 0, 4;
    %set/v v00F5B758_0, 0, 1;
    %set/v v00F5B7B0_0, 0, 1;
    %delay 10, 0;
    %set/v v00F5B5F8_0, 0, 2;
    %set/v v00F5B758_0, 0, 1;
    %set/v v00F5B7B0_0, 0, 1;
    %delay 10, 0;
    %movi 8, 1, 2;
    %set/v v00F5B5F8_0, 8, 2;
    %set/v v00F5B758_0, 0, 1;
    %set/v v00F5B7B0_0, 1, 1;
    %delay 10, 0;
    %movi 8, 2, 2;
    %set/v v00F5B5F8_0, 8, 2;
    %set/v v00F5B758_0, 1, 1;
    %set/v v00F5B7B0_0, 0, 1;
    %delay 10, 0;
    %vpi_call 2 38 "$finish";
    %end;
    .thread T_3;
    .scope S_00F59328;
T_4 ;
    %vpi_call 2 42 "$monitor", "T=%t | clk=%b rst=%b | mode=%b | s_left=%b s_right=%b | par_in=%b | q=%b", $time, v00F51FC8_0, v00F5B700_0, v00F5B5F8_0, v00F5B758_0, v00F5B7B0_0, v00F5B650_0, v00F5B6A8_0;
    %end;
    .thread T_4;
# The file index is used to find the file name in the following table.
:file_names 4;
    "N/A";
    "<interactive>";
    "uni_shift_regTB.v";
    "uni_shift_reg.v";
