#! /c/iverilog/bin/vvp
:ivl_version "0.9.7 " "(v0_9_7)";
:vpi_time_precision - 12;
:vpi_module "system";
:vpi_module "v2005_math";
:vpi_module "va_math";
S_0122CB60 .scope module, "tb_decoder_mux" "tb_decoder_mux" 2 3;
 .timescale -9 -12;
v01091188_0 .var "a0", 0 0;
v01091B80_0 .var "a1", 0 0;
v01091AD0_0 .var/i "i", 31 0;
v01091760_0 .net "y0", 0 0, L_010B9848; 1 drivers
v010918C0_0 .net "y1", 0 0, L_010B9B58; 1 drivers
v01091A20_0 .net "y2", 0 0, L_010B96F8; 1 drivers
v01091918_0 .net "y3", 0 0, L_010B97D8; 1 drivers
S_0122CBE8 .scope module, "uut" "decoder_mux" 2 11, 3 10, S_0122CB60;
 .timescale -9 -12;
L_010B9AB0 .functor NOT 1, v01091B80_0, C4<0>, C4<0>, C4<0>;
L_010B9848 .functor AND 1, L_010931F8, L_010B9AB0, C4<1>, C4<1>;
L_010B9B20 .functor NOT 1, v01091B80_0, C4<0>, C4<0>, C4<0>;
L_010B9B58 .functor AND 1, L_01082AB0, L_010B9B20, C4<1>, C4<1>;
L_010B96F8 .functor AND 1, L_010B91F0, v01091B80_0, C4<1>, C4<1>;
L_010B97D8 .functor AND 1, L_010B9D88, v01091B80_0, C4<1>, C4<1>;
v01090F20_0 .net *"_s16", 0 0, L_010B9AB0; 1 drivers
v01090F78_0 .net *"_s20", 0 0, L_010B9B20; 1 drivers
v01091290_0 .net "a0", 0 0, v01091188_0; 1 drivers
v01090E18_0 .net "a1", 0 0, v01091B80_0; 1 drivers
v01090EC8_0 .net "m0", 0 0, L_010931F8; 1 drivers
v010914A0_0 .net "m1", 0 0, L_01082AB0; 1 drivers
v01090FD0_0 .net "m2", 0 0, L_010B91F0; 1 drivers
v01091028_0 .net "m3", 0 0, L_010B9D88; 1 drivers
v01091080_0 .alias "y0", 0 0, v01091760_0;
v010910D8_0 .alias "y1", 0 0, v010918C0_0;
v010914F8_0 .alias "y2", 0 0, v01091A20_0;
v01091130_0 .alias "y3", 0 0, v01091918_0;
S_0122D248 .scope module, "M0" "mux_2to1" 3 18, 3 1, S_0122CBE8;
 .timescale -9 -12;
L_01093118 .functor NOT 1, v01091188_0, C4<0>, C4<0>, C4<0>;
L_01093150 .functor AND 1, L_01093118, C4<1>, C4<1>, C4<1>;
L_010931C0 .functor AND 1, v01091188_0, C4<0>, C4<1>, C4<1>;
L_010931F8 .functor OR 1, L_01093150, L_010931C0, C4<0>, C4<0>;
v01091448_0 .net *"_s0", 0 0, L_01093118; 1 drivers
v01090E70_0 .net *"_s2", 0 0, L_01093150; 1 drivers
v01090C60_0 .net *"_s4", 0 0, L_010931C0; 1 drivers
v01090D10_0 .net "i0", 0 0, C4<1>; 1 drivers
v01090D68_0 .net "i1", 0 0, C4<0>; 1 drivers
v01090DC0_0 .alias "s", 0 0, v01091290_0;
v01091238_0 .alias "y", 0 0, v01090EC8_0;
S_0122D028 .scope module, "M1" "mux_2to1" 3 19, 3 1, S_0122CBE8;
 .timescale -9 -12;
L_0122EE80 .functor NOT 1, v01091188_0, C4<0>, C4<0>, C4<0>;
L_0122EF80 .functor AND 1, L_0122EE80, C4<0>, C4<1>, C4<1>;
L_01082A78 .functor AND 1, v01091188_0, C4<1>, C4<1>, C4<1>;
L_01082AB0 .functor OR 1, L_0122EF80, L_01082A78, C4<0>, C4<0>;
v01091340_0 .net *"_s0", 0 0, L_0122EE80; 1 drivers
v010915A8_0 .net *"_s2", 0 0, L_0122EF80; 1 drivers
v010913F0_0 .net *"_s4", 0 0, L_01082A78; 1 drivers
v01091658_0 .net "i0", 0 0, C4<0>; 1 drivers
v010916B0_0 .net "i1", 0 0, C4<1>; 1 drivers
v01090C08_0 .alias "s", 0 0, v01091290_0;
v010911E0_0 .alias "y", 0 0, v010914A0_0;
S_0122C698 .scope module, "M2" "mux_2to1" 3 20, 3 1, S_0122CBE8;
 .timescale -9 -12;
L_010B8EE0 .functor NOT 1, v01091188_0, C4<0>, C4<0>, C4<0>;
L_010B90D8 .functor AND 1, L_010B8EE0, C4<1>, C4<1>, C4<1>;
L_010B9148 .functor AND 1, v01091188_0, C4<0>, C4<1>, C4<1>;
L_010B91F0 .functor OR 1, L_010B90D8, L_010B9148, C4<0>, C4<0>;
v0122DE08_0 .net *"_s0", 0 0, L_010B8EE0; 1 drivers
v0122DE60_0 .net *"_s2", 0 0, L_010B90D8; 1 drivers
v01091550_0 .net *"_s4", 0 0, L_010B9148; 1 drivers
v01091398_0 .net "i0", 0 0, C4<1>; 1 drivers
v01090CB8_0 .net "i1", 0 0, C4<0>; 1 drivers
v010912E8_0 .alias "s", 0 0, v01091290_0;
v01091600_0 .alias "y", 0 0, v01090FD0_0;
S_0122CD80 .scope module, "M3" "mux_2to1" 3 21, 3 1, S_0122CBE8;
 .timescale -9 -12;
L_010B91B8 .functor NOT 1, v01091188_0, C4<0>, C4<0>, C4<0>;
L_010B9180 .functor AND 1, L_010B91B8, C4<0>, C4<1>, C4<1>;
L_010B9A78 .functor AND 1, v01091188_0, C4<1>, C4<1>, C4<1>;
L_010B9D88 .functor OR 1, L_010B9180, L_010B9A78, C4<0>, C4<0>;
v0122D938_0 .net *"_s0", 0 0, L_010B91B8; 1 drivers
v0122D990_0 .net *"_s2", 0 0, L_010B9180; 1 drivers
v0122D9E8_0 .net *"_s4", 0 0, L_010B9A78; 1 drivers
v0122DDB0_0 .net "i0", 0 0, C4<0>; 1 drivers
v0122DA98_0 .net "i1", 0 0, C4<1>; 1 drivers
v0122DAF0_0 .alias "s", 0 0, v01091290_0;
v0122DB48_0 .alias "y", 0 0, v01091028_0;
    .scope S_0122CB60;
T_0 ;
    %vpi_call 2 24 "$dumpfile", "decoder_mux_tb.vcd";
    %vpi_call 2 25 "$dumpvars", 1'sb0, S_0122CB60;
    %vpi_call 2 28 "$display", "a1 a0 | y0 y1 y2 y3";
    %vpi_call 2 29 "$display", "-------------------";
    %set/v v01091AD0_0, 0, 32;
T_0.0 ;
    %load/v 8, v01091AD0_0, 32;
   %cmpi/s 8, 4, 32;
    %jmp/0xz T_0.1, 5;
    %load/v 8, v01091AD0_0, 32;
    %set/v v01091188_0, 8, 1;
    %set/v v01091B80_0, 9, 1;
    %delay 10000, 0;
    %vpi_call 2 35 "$display", "%b  %b |  %b  %b  %b  %b", v01091B80_0, v01091188_0, v01091760_0, v010918C0_0, v01091A20_0, v01091918_0;
    %ix/load 0, 1, 0;
    %load/vp0/s 8, v01091AD0_0, 32;
    %set/v v01091AD0_0, 8, 32;
    %jmp T_0.0;
T_0.1 ;
    %end;
    .thread T_0;
# The file index is used to find the file name in the following table.
:file_names 4;
    "N/A";
    "<interactive>";
    "Decoder_muxTB.v";
    "Decoder_mux.v";
