#! /c/iverilog/bin/vvp
:ivl_version "0.9.7 " "(v0_9_7)";
:vpi_time_precision - 12;
:vpi_module "system";
:vpi_module "v2005_math";
:vpi_module "va_math";
S_011B8598 .scope module, "tb_bcd_to_7seg" "tb_bcd_to_7seg" 2 3;
 .timescale -9 -12;
v010D3208_0 .var "bcd", 3 0;
v011B1F18_0 .var/i "i", 31 0;
v011B1F70_0 .net "seg", 6 0, v010D31B0_0; 1 drivers
S_010D3128 .scope module, "dut" "bcd_to_7seg" 2 9, 3 1, S_011B8598;
 .timescale -9 -12;
v011B8620_0 .net "bcd", 3 0, v010D3208_0; 1 drivers
v010D31B0_0 .var "seg", 6 0;
E_011B8C88 .event edge, v011B8620_0;
    .scope S_010D3128;
T_0 ;
    %wait E_011B8C88;
    %load/v 8, v011B8620_0, 4;
    %cmpi/u 8, 0, 4;
    %jmp/1 T_0.0, 6;
    %cmpi/u 8, 1, 4;
    %jmp/1 T_0.1, 6;
    %cmpi/u 8, 2, 4;
    %jmp/1 T_0.2, 6;
    %cmpi/u 8, 3, 4;
    %jmp/1 T_0.3, 6;
    %cmpi/u 8, 4, 4;
    %jmp/1 T_0.4, 6;
    %cmpi/u 8, 5, 4;
    %jmp/1 T_0.5, 6;
    %cmpi/u 8, 6, 4;
    %jmp/1 T_0.6, 6;
    %cmpi/u 8, 7, 4;
    %jmp/1 T_0.7, 6;
    %cmpi/u 8, 8, 4;
    %jmp/1 T_0.8, 6;
    %cmpi/u 8, 9, 4;
    %jmp/1 T_0.9, 6;
    %set/v v010D31B0_0, 0, 7;
    %jmp T_0.11;
T_0.0 ;
    %movi 8, 126, 7;
    %set/v v010D31B0_0, 8, 7;
    %jmp T_0.11;
T_0.1 ;
    %movi 8, 48, 7;
    %set/v v010D31B0_0, 8, 7;
    %jmp T_0.11;
T_0.2 ;
    %movi 8, 109, 7;
    %set/v v010D31B0_0, 8, 7;
    %jmp T_0.11;
T_0.3 ;
    %movi 8, 121, 7;
    %set/v v010D31B0_0, 8, 7;
    %jmp T_0.11;
T_0.4 ;
    %movi 8, 51, 7;
    %set/v v010D31B0_0, 8, 7;
    %jmp T_0.11;
T_0.5 ;
    %movi 8, 91, 7;
    %set/v v010D31B0_0, 8, 7;
    %jmp T_0.11;
T_0.6 ;
    %movi 8, 95, 7;
    %set/v v010D31B0_0, 8, 7;
    %jmp T_0.11;
T_0.7 ;
    %movi 8, 112, 7;
    %set/v v010D31B0_0, 8, 7;
    %jmp T_0.11;
T_0.8 ;
    %set/v v010D31B0_0, 1, 7;
    %jmp T_0.11;
T_0.9 ;
    %movi 8, 123, 7;
    %set/v v010D31B0_0, 8, 7;
    %jmp T_0.11;
T_0.11 ;
    %jmp T_0;
    .thread T_0, $push;
    .scope S_011B8598;
T_1 ;
    %vpi_call 2 18 "$dumpfile", "BCDdecode.vcd";
    %vpi_call 2 19 "$dumpvars", 1'sb0, S_011B8598;
    %vpi_call 2 22 "$display", "Time\011BCD\011abcdefg";
    %vpi_call 2 23 "$monitor", "%0dns\011%0d\011%b", $time, v010D3208_0, v011B1F70_0;
    %set/v v011B1F18_0, 0, 32;
T_1.0 ;
    %load/v 8, v011B1F18_0, 32;
   %cmpi/s 8, 16, 32;
    %jmp/0xz T_1.1, 5;
    %load/v 8, v011B1F18_0, 4; Only need 4 of 32 bits
; Save base=8 wid=4 in lookaside.
    %set/v v010D3208_0, 8, 4;
    %delay 10000, 0;
    %ix/load 0, 1, 0;
    %load/vp0/s 8, v011B1F18_0, 32;
    %set/v v011B1F18_0, 8, 32;
    %jmp T_1.0;
T_1.1 ;
    %vpi_call 2 31 "$finish";
    %end;
    .thread T_1;
# The file index is used to find the file name in the following table.
:file_names 4;
    "N/A";
    "<interactive>";
    "tb.v";
    "BCDdecode.v";
