#! /c/iverilog/bin/vvp
:ivl_version "0.9.7 " "(v0_9_7)";
:vpi_time_precision - 12;
:vpi_module "system";
:vpi_module "v2005_math";
:vpi_module "va_math";
S_00871FB8 .scope module, "alu_4bit_tb" "alu_4bit_tb" 2 2;
 .timescale -9 -12;
v0087DF20_0 .var "a", 3 0;
v0087DF78_0 .var "b", 3 0;
v0087EDE0_0 .net "cout", 0 0, v00873E30_0; 1 drivers
v0087EE38_0 .var "select", 2 0;
v0087EE90_0 .net "y", 3 0, v0087DEC8_0; 1 drivers
S_008781E8 .scope module, "uut" "alu_4bit" 2 8, 3 1, S_00871FB8;
 .timescale -9 -12;
v00873D80_0 .net "a", 3 0, v0087DF20_0; 1 drivers
v00873DD8_0 .net "b", 3 0, v0087DF78_0; 1 drivers
v00873E30_0 .var "cout", 0 0;
v0087DE70_0 .net "select", 2 0, v0087EE38_0; 1 drivers
v0087DEC8_0 .var "y", 3 0;
E_008757D8 .event edge, v0087DE70_0, v00873D80_0, v00873DD8_0;
    .scope S_008781E8;
T_0 ;
    %wait E_008757D8;
    %load/v 8, v0087DE70_0, 3;
    %cmpi/u 8, 0, 3;
    %jmp/1 T_0.0, 6;
    %cmpi/u 8, 1, 3;
    %jmp/1 T_0.1, 6;
    %cmpi/u 8, 2, 3;
    %jmp/1 T_0.2, 6;
    %cmpi/u 8, 3, 3;
    %jmp/1 T_0.3, 6;
    %cmpi/u 8, 4, 3;
    %jmp/1 T_0.4, 6;
    %cmpi/u 8, 5, 3;
    %jmp/1 T_0.5, 6;
    %cmpi/u 8, 6, 3;
    %jmp/1 T_0.6, 6;
    %cmpi/u 8, 7, 3;
    %jmp/1 T_0.7, 6;
    %set/v v0087DEC8_0, 0, 4;
    %jmp T_0.9;
T_0.0 ;
    %load/v 8, v00873D80_0, 4;
    %mov 12, 0, 1;
    %load/v 13, v00873DD8_0, 4;
    %mov 17, 0, 1;
    %add 8, 13, 5;
    %set/v v0087DEC8_0, 8, 4;
    %set/v v00873E30_0, 12, 1;
    %jmp T_0.9;
T_0.1 ;
    %load/v 8, v00873D80_0, 4;
    %mov 12, 0, 1;
    %load/v 13, v00873DD8_0, 4;
    %mov 17, 0, 1;
    %sub 8, 13, 5;
    %set/v v0087DEC8_0, 8, 4;
    %set/v v00873E30_0, 12, 1;
    %jmp T_0.9;
T_0.2 ;
    %load/v 8, v00873D80_0, 4;
    %load/v 12, v00873DD8_0, 4;
    %and 8, 12, 4;
    %set/v v0087DEC8_0, 8, 4;
    %jmp T_0.9;
T_0.3 ;
    %load/v 8, v00873D80_0, 4;
    %load/v 12, v00873DD8_0, 4;
    %or 8, 12, 4;
    %set/v v0087DEC8_0, 8, 4;
    %jmp T_0.9;
T_0.4 ;
    %load/v 8, v00873D80_0, 4;
    %load/v 12, v00873DD8_0, 4;
    %xor 8, 12, 4;
    %set/v v0087DEC8_0, 8, 4;
    %jmp T_0.9;
T_0.5 ;
    %load/v 8, v00873D80_0, 4;
    %inv 8, 4;
    %set/v v0087DEC8_0, 8, 4;
    %jmp T_0.9;
T_0.6 ;
    %load/v 8, v00873D80_0, 4;
    %mov 12, 0, 28;
    %addi 8, 1, 32;
    %set/v v0087DEC8_0, 8, 4;
    %jmp T_0.9;
T_0.7 ;
    %load/v 8, v00873D80_0, 4;
    %mov 12, 0, 28;
    %subi 8, 1, 32;
    %set/v v0087DEC8_0, 8, 4;
    %jmp T_0.9;
T_0.9 ;
    %jmp T_0;
    .thread T_0, $push;
    .scope S_00871FB8;
T_1 ;
    %vpi_call 2 17 "$dumpfile", "alu_4bit.vcd";
    %vpi_call 2 18 "$dumpvars", 1'sb0, S_00871FB8;
    %vpi_call 2 19 "$monitor", "time=%t | a=%b | b=%b | sel=%b | y=%b | cout=%b", $time, v0087DF20_0, v0087DF78_0, v0087EE38_0, v0087EE90_0, v0087EDE0_0;
    %movi 8, 5, 4;
    %set/v v0087DF20_0, 8, 4;
    %movi 8, 3, 4;
    %set/v v0087DF78_0, 8, 4;
    %set/v v0087EE38_0, 0, 3;
    %delay 10000, 0;
    %movi 8, 1, 3;
    %set/v v0087EE38_0, 8, 3;
    %delay 10000, 0;
    %movi 8, 2, 3;
    %set/v v0087EE38_0, 8, 3;
    %delay 10000, 0;
    %movi 8, 3, 3;
    %set/v v0087EE38_0, 8, 3;
    %delay 10000, 0;
    %movi 8, 4, 3;
    %set/v v0087EE38_0, 8, 3;
    %delay 10000, 0;
    %movi 8, 5, 3;
    %set/v v0087EE38_0, 8, 3;
    %delay 10000, 0;
    %movi 8, 6, 3;
    %set/v v0087EE38_0, 8, 3;
    %delay 10000, 0;
    %set/v v0087EE38_0, 1, 3;
    %delay 10000, 0;
    %delay 10000, 0;
    %vpi_call 2 32 "$finish";
    %end;
    .thread T_1;
# The file index is used to find the file name in the following table.
:file_names 4;
    "N/A";
    "<interactive>";
    "ALU_tb.v";
    "ALU.v";
