#! /c/iverilog/bin/vvp
:ivl_version "0.9.7 " "(v0_9_7)";
:vpi_time_precision + 0;
:vpi_module "system";
:vpi_module "v2005_math";
:vpi_module "va_math";
S_010C3D48 .scope module, "TB_up_down_counter" "TB_up_down_counter" 2 1;
 .timescale 0 0;
v01081F70_0 .var "clk", 0 0;
v01081FC8_0 .net "count", 3 0, v010898B0_0; 1 drivers
v01087FC8_0 .var "en", 0 0;
v01088020_0 .var "rst", 0 0;
v01088078_0 .var "up_down", 0 0;
S_0108ACA8 .scope module, "uut" "counter4bit_sync" 2 6, 3 1, S_010C3D48;
 .timescale 0 0;
v01085B20_0 .net "clk", 0 0, v01081F70_0; 1 drivers
v010898B0_0 .var "count", 3 0;
v01089908_0 .net "en", 0 0, v01087FC8_0; 1 drivers
v01089960_0 .net "rst", 0 0, v01088020_0; 1 drivers
v01081F18_0 .net "up_down", 0 0, v01088078_0; 1 drivers
E_01088D30 .event posedge, v01085B20_0;
    .scope S_0108ACA8;
T_0 ;
    %wait E_01088D30;
    %load/v 8, v01089960_0, 1;
    %jmp/0xz  T_0.0, 8;
    %ix/load 0, 4, 0;
    %assign/v0 v010898B0_0, 0, 0;
    %jmp T_0.1;
T_0.0 ;
    %load/v 8, v01089908_0, 1;
    %jmp/0xz  T_0.2, 8;
    %load/v 8, v01081F18_0, 1;
    %jmp/0xz  T_0.4, 8;
    %load/v 8, v010898B0_0, 4;
    %mov 12, 0, 28;
    %addi 8, 1, 32;
    %ix/load 0, 4, 0;
    %assign/v0 v010898B0_0, 0, 8;
    %jmp T_0.5;
T_0.4 ;
    %load/v 8, v010898B0_0, 4;
    %mov 12, 0, 28;
    %subi 8, 1, 32;
    %ix/load 0, 4, 0;
    %assign/v0 v010898B0_0, 0, 8;
T_0.5 ;
T_0.2 ;
T_0.1 ;
    %jmp T_0;
    .thread T_0;
    .scope S_010C3D48;
T_1 ;
    %set/v v01081F70_0, 0, 1;
    %end;
    .thread T_1;
    .scope S_010C3D48;
T_2 ;
    %delay 5, 0;
    %load/v 8, v01081F70_0, 1;
    %inv 8, 1;
    %set/v v01081F70_0, 8, 1;
    %jmp T_2;
    .thread T_2;
    .scope S_010C3D48;
T_3 ;
    %vpi_call 2 20 "$dumpfile", "up_down_counter.vcd";
    %vpi_call 2 21 "$dumpvars", 1'sb0, S_010C3D48;
    %set/v v01088020_0, 1, 1;
    %set/v v01087FC8_0, 0, 1;
    %set/v v01088078_0, 1, 1;
    %delay 10, 0;
    %set/v v01088020_0, 0, 1;
    %set/v v01087FC8_0, 1, 1;
    %delay 100, 0;
    %set/v v01088078_0, 0, 1;
    %delay 100, 0;
    %set/v v01087FC8_0, 0, 1;
    %delay 20, 0;
    %vpi_call 2 26 "$finish";
    %end;
    .thread T_3;
    .scope S_010C3D48;
T_4 ;
    %vpi_call 2 31 "$monitor", "Time=%t | rst=%b en=%b up_down=%b count=%b", $time, v01088020_0, v01087FC8_0, v01088078_0, v01081FC8_0;
    %end;
    .thread T_4;
# The file index is used to find the file name in the following table.
:file_names 4;
    "N/A";
    "<interactive>";
    "Up_down_counterTB.v";
    "Up_down_counter.v";
