#! /c/iverilog/bin/vvp
:ivl_version "0.9.7 " "(v0_9_7)";
:vpi_time_precision + 0;
:vpi_module "system";
:vpi_module "v2005_math";
:vpi_module "va_math";
S_010482C0 .scope module, "tb_and_gate" "tb_and_gate" 2 1;
 .timescale 0 0;
v01083350_0 .var "A", 0 0;
v010833A8_0 .var "B", 0 0;
v01041F20_0 .net "Y", 0 0, L_01083400; 1 drivers
v01041F78_0 .var/i "i", 31 0;
S_01048018 .scope module, "uut" "and_gate" 2 7, 3 1, S_010482C0;
 .timescale 0 0;
L_01083400 .functor AND 1, v01083350_0, v010833A8_0, C4<1>, C4<1>;
v01083C18_0 .net "A", 0 0, v01083350_0; 1 drivers
v01044510_0 .net "B", 0 0, v010833A8_0; 1 drivers
v010832F8_0 .alias "Y", 0 0, v01041F20_0;
    .scope S_010482C0;
T_0 ;
    %vpi_call 2 15 "$monitor", "Time=%t | A=%b B=%b Y=%b", $time, v01083350_0, v010833A8_0, v01041F20_0;
    %end;
    .thread T_0;
    .scope S_010482C0;
T_1 ;
    %vpi_call 2 20 "$dumpfile", "and_gate.vcd";
    %vpi_call 2 21 "$dumpvars", 1'sb0, S_010482C0;
    %set/v v01041F78_0, 0, 32;
T_1.0 ;
    %load/v 8, v01041F78_0, 32;
   %cmpi/s 8, 4, 32;
    %jmp/0xz T_1.1, 5;
    %load/v 8, v01041F78_0, 32;
    %set/v v010833A8_0, 8, 1;
    %set/v v01083350_0, 9, 1;
    %delay 10, 0;
    %ix/load 0, 1, 0;
    %load/vp0/s 8, v01041F78_0, 32;
    %set/v v01041F78_0, 8, 32;
    %jmp T_1.0;
T_1.1 ;
    %vpi_call 2 29 "$finish";
    %end;
    .thread T_1;
# The file index is used to find the file name in the following table.
:file_names 4;
    "N/A";
    "<interactive>";
    "AND_gateTB.v";
    "AND_gate.v";
